------------------------------------------------------------
TimeQuest Timing Analyzer Summary
------------------------------------------------------------

Type  : Slow 1200mV 85C Model Setup 'clock|altpll_component|auto_generated|pll1|clk[0]'
Slack : -4.265
TNS   : -850.873

Type  : Slow 1200mV 85C Model Setup 'hw_reset'
Slack : -4.159
TNS   : -8.235

Type  : Slow 1200mV 85C Model Hold 'clock|altpll_component|auto_generated|pll1|clk[0]'
Slack : 0.432
TNS   : 0.000

Type  : Slow 1200mV 85C Model Hold 'hw_reset'
Slack : 2.642
TNS   : 0.000

Type  : Slow 1200mV 85C Model Recovery 'clock|altpll_component|auto_generated|pll1|clk[0]'
Slack : -2.512
TNS   : -161.961

Type  : Slow 1200mV 85C Model Removal 'clock|altpll_component|auto_generated|pll1|clk[0]'
Slack : 1.530
TNS   : 0.000

Type  : Slow 1200mV 85C Model Minimum Pulse Width 'hw_reset'
Slack : -3.000
TNS   : -3.000

Type  : Slow 1200mV 85C Model Minimum Pulse Width 'clock|altpll_component|auto_generated|pll1|clk[0]'
Slack : 9.689
TNS   : 0.000

Type  : Slow 1200mV 85C Model Minimum Pulse Width 'clk_in'
Slack : 9.934
TNS   : 0.000

Type  : Slow 1200mV 0C Model Setup 'hw_reset'
Slack : -4.159
TNS   : -8.261

Type  : Slow 1200mV 0C Model Setup 'clock|altpll_component|auto_generated|pll1|clk[0]'
Slack : -3.786
TNS   : -746.208

Type  : Slow 1200mV 0C Model Hold 'clock|altpll_component|auto_generated|pll1|clk[0]'
Slack : 0.382
TNS   : 0.000

Type  : Slow 1200mV 0C Model Hold 'hw_reset'
Slack : 2.413
TNS   : 0.000

Type  : Slow 1200mV 0C Model Recovery 'clock|altpll_component|auto_generated|pll1|clk[0]'
Slack : -2.109
TNS   : -133.591

Type  : Slow 1200mV 0C Model Removal 'clock|altpll_component|auto_generated|pll1|clk[0]'
Slack : 1.271
TNS   : 0.000

Type  : Slow 1200mV 0C Model Minimum Pulse Width 'hw_reset'
Slack : -3.000
TNS   : -3.000

Type  : Slow 1200mV 0C Model Minimum Pulse Width 'clock|altpll_component|auto_generated|pll1|clk[0]'
Slack : 9.663
TNS   : 0.000

Type  : Slow 1200mV 0C Model Minimum Pulse Width 'clk_in'
Slack : 9.943
TNS   : 0.000

Type  : Fast 1200mV 0C Model Setup 'clock|altpll_component|auto_generated|pll1|clk[0]'
Slack : -2.000
TNS   : -429.055

Type  : Fast 1200mV 0C Model Setup 'hw_reset'
Slack : -1.251
TNS   : -2.422

Type  : Fast 1200mV 0C Model Hold 'clock|altpll_component|auto_generated|pll1|clk[0]'
Slack : 0.178
TNS   : 0.000

Type  : Fast 1200mV 0C Model Hold 'hw_reset'
Slack : 0.960
TNS   : 0.000

Type  : Fast 1200mV 0C Model Recovery 'clock|altpll_component|auto_generated|pll1|clk[0]'
Slack : -1.413
TNS   : -94.844

Type  : Fast 1200mV 0C Model Removal 'clock|altpll_component|auto_generated|pll1|clk[0]'
Slack : 0.771
TNS   : 0.000

Type  : Fast 1200mV 0C Model Minimum Pulse Width 'hw_reset'
Slack : -3.000
TNS   : -3.000

Type  : Fast 1200mV 0C Model Minimum Pulse Width 'clk_in'
Slack : 9.594
TNS   : 0.000

Type  : Fast 1200mV 0C Model Minimum Pulse Width 'clock|altpll_component|auto_generated|pll1|clk[0]'
Slack : 9.769
TNS   : 0.000

------------------------------------------------------------
